 1 gles:fence      fps=59.7 cpu%=12.0 wait_p50=4.20 gpu_mean=4.25
 2 vulkan:fence    fps=59.7 cpu%=8.2 wait_p50=4.40 gpu_mean=4.32
 3 vulkan:fence    fps=59.7 cpu%=8.1 wait_p50=4.31 gpu_mean=4.265
 4 gles:fence      fps=59.6 cpu%=12.2 wait_p50=4.28 gpu_mean=4.375
 5 gles:fence      fps=59.4 cpu%=12.2 wait_p50=4.23 gpu_mean=4.332
 6 vulkan:fence    fps=59.6 cpu%=8.1 wait_p50=4.36 gpu_mean=4.303
{
 "gles:fence": {
  "runs": 3,
  "fps": 59.58,
  "process_cpu_core_pct": 12.22,
  "render_cpu_ms_p50": 0.867,
  "wait_ms_p50": 4.231,
  "wait_ms_p95": 5.394,
  "present_interval_ms_p95": 18.453,
  "gpu_ms_per_submission_mean": 4.332,
  "gpu_busy_pct": 36.67
 },
 "vulkan:fence": {
  "runs": 3,
  "fps": 59.67,
  "process_cpu_core_pct": 8.07,
  "render_cpu_ms_p50": 0.861,
  "wait_ms_p50": 4.355,
  "wait_ms_p95": 5.5,
  "present_interval_ms_p95": 18.551,
  "gpu_ms_per_submission_mean": 4.303,
  "gpu_busy_pct": 36.57
 }
}
