round 1: paint p50=6.964 gpuwait p50=4.511 host/s=52.82
round 2: paint p50=6.924 gpuwait p50=4.289 host/s=44.12
round 3: paint p50=6.929 gpuwait p50=4.337 host/s=50.82
{
 "rounds": 3,
 "plasmashell_rhi": "default",
 "plasmashell_drivers": null,
 "kwin_paint_ms_p50": 6.929,
 "kwin_paint_ms_p95": 11.258,
 "kwin_gpuwait_ms_p50": 4.337,
 "kwin_gpuwait_ms_p95": 8.966,
 "kwin_import_ms_p50": 0.047,
 "kwin_paints": 364,
 "host_buffers_per_s": 50.82,
 "host_interval_ms_p50": 8.726,
 "host_interval_ms_p95": 19.62,
 "host_queueBuffer_ms_p50": 0.323,
 "sf_interval_ms_p95": 16.732,
 "cpu_core_pct": {
  "kwin": 21.9,
  "plasmashell": 34.9,
  "apk": 22.8,
  "surfaceflinger": 27.8
 },
 "gpu_busy_pct": 11.42,
 "gpu_total_ms": {
  "kwin_wayland": 1082.68,
  "plasmashell": 1839.92,
  "dev.moto.plasma": 537.0
 },
 "gpu_submission_ms_mean": {
  "kwin_wayland": 0.94,
  "plasmashell": 2.538,
  "dev.moto.plasma": 1.226
 }
}
